minishell> cat << END
> line 1
> ^C

minishell> 
minishell> minishell> 